// Jest Snapshot v1, https://goo.gl/fbAQLP

exports[`should render Loading with ReactShallowRenderer correctly 1`] = `
<div>
  Please wait ....
</div>
`;

exports[`should render Loading with enzyme correctly 1`] = `
<div>
  Please wait ....
</div>
`;
